02-28 13:09:15.083 28431 28431 I DynamicFramerate [AnimationSpeedAware]: onEventHandled: info: InputEventInfo: mX = 0, mY = 0, mAction = 0, mVsyncTime = 62401080, mIsMoving = true, mUpdated = true
02-28 13:09:15.084 28431 28431 E IJankManager: slideSceneEnd unknown scene 1003 mScene:-1
02-28 13:09:15.084 28431 28431 V AutofillManager: requestHideFillUi(null): anchor = null
02-28 13:09:15.154 28431 28431 I DynamicFramerate [AnimationSpeedAware]: onEventHandled: info: InputEventInfo: mX = 0, mY = 0, mAction = 1, mVsyncTime = 62401151, mIsMoving = false, mUpdated = true
02-28 13:09:15.154 28431 28431 D OplusViewDragTouchViewHelper: dispatchTouchView action = 1
02-28 13:09:15.155 28431 28431 D ViewRootImplExtImpl: the up motion event handled by client, just return
02-28 13:09:17.540 28431 28431 I DynamicFramerate [AnimationSpeedAware]: onEventHandled: info: InputEventInfo: mX = 0, mY = 0, mAction = 0, mVsyncTime = 62403537, mIsMoving = true, mUpdated = true
02-28 13:09:17.540 28431 28431 E IJankManager: slideSceneEnd unknown scene 1003 mScene:-1
02-28 13:09:17.540 28431 28431 V AutofillManager: requestHideFillUi(null): anchor = null
02-28 13:09:17.622 28431 28431 I DynamicFramerate [AnimationSpeedAware]: onEventHandled: info: InputEventInfo: mX = 0, mY = 0, mAction = 1, mVsyncTime = 62403619, mIsMoving = false, mUpdated = true
02-28 13:09:17.622 28431 28431 D OplusViewDragTouchViewHelper: dispatchTouchView action = 1
02-28 13:09:17.623 28431 28431 D ViewRootImplExtImpl: the up motion event handled by client, just return
02-28 13:09:19.515 28431 28431 I DynamicFramerate [AnimationSpeedAware]: onEventHandled: info: InputEventInfo: mX = 0, mY = 0, mAction = 0, mVsyncTime = 62405512, mIsMoving = true, mUpdated = true
02-28 13:09:19.515 28431 28431 E IJankManager: slideSceneEnd unknown scene 1003 mScene:-1
02-28 13:09:19.516 28431 28431 V AutofillManager: requestHideFillUi(null): anchor = null
02-28 13:09:19.675 28431 28431 I DynamicFramerate [AnimationSpeedAware]: onEventHandled: info: InputEventInfo: mX = 0, mY = 0, mAction = 1, mVsyncTime = 62405672, mIsMoving = false, mUpdated = true
02-28 13:09:19.675 28431 28431 D OplusViewDragTouchViewHelper: dispatchTouchView action = 1
02-28 13:09:19.676 28431 28431 D ViewRootImplExtImpl: the up motion event handled by client, just return
02-28 13:09:21.543 28431 28431 I DynamicFramerate [AnimationSpeedAware]: onEventHandled: info: InputEventInfo: mX = 0, mY = 0, mAction = 0, mVsyncTime = 62407540, mIsMoving = true, mUpdated = true
02-28 13:09:21.543 28431 28431 E IJankManager: slideSceneEnd unknown scene 1003 mScene:-1
02-28 13:09:21.543 28431 28431 V AutofillManager: requestHideFillUi(null): anchor = null
02-28 13:09:21.620 28431 28431 I DynamicFramerate [AnimationSpeedAware]: onEventHandled: info: InputEventInfo: mX = 0, mY = 0, mAction = 1, mVsyncTime = 62407617, mIsMoving = false, mUpdated = true
02-28 13:09:21.620 28431 28431 D OplusViewDragTouchViewHelper: dispatchTouchView action = 1
02-28 13:09:21.621 28431 28431 D ViewRootImplExtImpl: the up motion event handled by client, just return
02-28 13:09:22.816 28431 28431 I DynamicFramerate [AnimationSpeedAware]: onEventHandled: info: InputEventInfo: mX = 0, mY = 0, mAction = 0, mVsyncTime = 62408813, mIsMoving = true, mUpdated = true
02-28 13:09:22.816 28431 28431 E IJankManager: slideSceneEnd unknown scene 1003 mScene:-1
02-28 13:09:22.816 28431 28431 V AutofillManager: requestHideFillUi(null): anchor = null
02-28 13:09:22.918 28431 28431 I DynamicFramerate [AnimationSpeedAware]: onEventHandled: info: InputEventInfo: mX = 0, mY = 0, mAction = 1, mVsyncTime = 62408915, mIsMoving = false, mUpdated = true
02-28 13:09:22.918 28431 28431 D OplusViewDragTouchViewHelper: dispatchTouchView action = 1
02-28 13:09:22.919 28431 28431 D ViewRootImplExtImpl: the up motion event handled by client, just return
02-28 13:09:24.445 28431 28431 I DynamicFramerate [AnimationSpeedAware]: onEventHandled: info: InputEventInfo: mX = 0, mY = 0, mAction = 0, mVsyncTime = 62410442, mIsMoving = true, mUpdated = true
02-28 13:09:24.445 28431 28431 E IJankManager: slideSceneEnd unknown scene 1003 mScene:-1
02-28 13:09:24.446 28431 28431 V AutofillManager: requestHideFillUi(null): anchor = null
02-28 13:09:24.609 28431 28431 I DynamicFramerate [AnimationSpeedAware]: onEventHandled: info: InputEventInfo: mX = 0, mY = 0, mAction = 1, mVsyncTime = 62410606, mIsMoving = false, mUpdated = true
02-28 13:09:24.610 28431 28431 D OplusViewDragTouchViewHelper: dispatchTouchView action = 1
02-28 13:09:24.612 28431 28431 D ViewRootImplExtImpl: the up motion event handled by client, just return
02-28 13:09:26.052 28431 28431 I DynamicFramerate [AnimationSpeedAware]: onEventHandled: info: InputEventInfo: mX = 0, mY = 0, mAction = 0, mVsyncTime = 62412048, mIsMoving = true, mUpdated = true
02-28 13:09:26.052 28431 28431 E IJankManager: slideSceneEnd unknown scene 1003 mScene:-1
02-28 13:09:26.052 28431 28431 V AutofillManager: requestHideFillUi(null): anchor = null
02-28 13:09:26.159 28431 28431 I DynamicFramerate [AnimationSpeedAware]: onEventHandled: info: InputEventInfo: mX = 0, mY = 0, mAction = 1, mVsyncTime = 62412156, mIsMoving = false, mUpdated = true
02-28 13:09:26.159 28431 28431 D OplusViewDragTouchViewHelper: dispatchTouchView action = 1
02-28 13:09:26.160 28431 28431 D ViewRootImplExtImpl: the up motion event handled by client, just return
02-28 13:09:26.180 28431 28665 D Dolphin : SurfaceFlinger: Smart touch debug: set desiredPresentTime for this frame.
02-28 13:09:33.611 28431 28431 I DynamicFramerate [AnimationSpeedAware]: onEventHandled: info: InputEventInfo: mX = 0, mY = 0, mAction = 0, mVsyncTime = 62419608, mIsMoving = true, mUpdated = true
02-28 13:09:33.612 28431 28431 E IJankManager: slideSceneEnd unknown scene 1003 mScene:-1
02-28 13:09:33.612 28431 28431 V AutofillManager: requestHideFillUi(null): anchor = null
02-28 13:09:33.761 28431 28431 I DynamicFramerate [AnimationSpeedAware]: onEventHandled: info: InputEventInfo: mX = 0, mY = 0, mAction = 1, mVsyncTime = 62419758, mIsMoving = false, mUpdated = true
02-28 13:09:33.762 28431 28431 D OplusViewDragTouchViewHelper: dispatchTouchView action = 1
02-28 13:09:33.763 28431 28431 D ViewRootImplExtImpl: the up motion event handled by client, just return
02-28 13:09:41.351 28431 28431 I DynamicFramerate [AnimationSpeedAware]: onEventHandled: info: InputEventInfo: mX = 0, mY = 0, mAction = 0, mVsyncTime = 62427347, mIsMoving = true, mUpdated = true
02-28 13:09:41.352 28431 28431 E IJankManager: slideSceneEnd unknown scene 1003 mScene:-1
02-28 13:09:41.352 28431 28431 V AutofillManager: requestHideFillUi(null): anchor = null
02-28 13:09:41.378 28431 28431 D OplusViewDragTouchViewHelper: dispatchTouchView action = 5
02-28 13:09:41.385 28431 28431 D OplusViewDragTouchViewHelper: dispatchTouchView action = 5
02-28 13:09:41.396 28431 28431 I DynamicFramerate [AnimationSpeedAware]: onEventHandled: info: InputEventInfo: mX = 0, mY = 0, mAction = 3, mVsyncTime = 62427393, mIsMoving = false, mUpdated = true
02-28 13:09:43.206 28431 28431 D VRI[MainActivity]: onFocusEvent false
02-28 13:09:43.214 28431 28665 D Dolphin : SurfaceFlinger: Smart touch debug: set desiredPresentTime for this frame.
02-28 13:09:44.212 28431 28708 D OplusScrollToTopManager: com.foldersync.folder_sync/com.foldersync.folder_sync.MainActivity,This com.android.internal.policy.DecorView{cb74955 V.E...... R....... 0,0-1440,3168 aid=0 alpha=1.0 viewInfo = }[MainActivity] change focus to false
02-28 13:09:50.783 28431  1668 D VRI[MainActivity]: dispatchAppVisibility visible:false mUpcomingWindowFocus:false
02-28 13:09:50.783 28431 28431 D VRI[MainActivity]: visibilityChanged oldVisibility=true newVisibility=false
02-28 13:09:50.788 28431 28431 I SurfaceView: 158058328 surfaceDestroyed
02-28 13:09:50.791 28431 28665 D BufferQueueProducer: [96bc758 SurfaceView[com.foldersync.folder_sync/com.foldersync.folder_sync.MainActivity]#6(BLAST Consumer)6](id:6f0f00000006,api:1,p:28431,c:28431) disconnect: api 1
02-28 13:09:50.791 28431 28431 D BufferQueueProducer: [96bc758 SurfaceView[com.foldersync.folder_sync/com.foldersync.folder_sync.MainActivity]#6(BLAST Consumer)6](id:6f0f00000006,api:0,p:-1,c:28431) disconnect: api -1
02-28 13:09:50.791 28431 28431 D BLASTBufferQueue: [96bc758 SurfaceView[com.foldersync.folder_sync/com.foldersync.folder_sync.MainActivity]#6](f:0,a:1) destructor()
02-28 13:09:50.791 28431 28431 D BufferQueueConsumer: [96bc758 SurfaceView[com.foldersync.folder_sync/com.foldersync.folder_sync.MainActivity]#6(BLAST Consumer)6](id:6f0f00000006,api:0,p:-1,c:28431) disconnect
02-28 13:09:50.792 28431 28497 D SurfaceView: 69498036positionLost mSurfaceControl is null return;
02-28 13:09:50.792 28431 28431 D HWUI    : RenderProxy::destroy: this=0xb4000074a6d4d600, mContext=0xb4000072f3027580
02-28 13:09:50.792 28431 28497 D HWUI    : SkiaOpenGLPipeline::setSurface: this=0xb4000074a1bf4000, surface=NULL
02-28 13:09:50.792 28431 28497 D BufferQueueProducer: [VRI[MainActivity]#5(BLAST Consumer)5](id:6f0f00000005,api:1,p:28431,c:28431) disconnect: api 1
02-28 13:09:50.792 28431 28431 D ViewRootImplExtImpl: wrapConfigInfoIntoFlags rotation=0, smallestScreenWidthDp=411, residentWS=false, scenario=0, bounds=Rect(0, 0 - 1440, 3168), relayoutAsync=false, flags=0, newFlags=1660957536, title=com.foldersync.folder_sync/com.foldersync.folder_sync.MainActivity
02-28 13:09:50.794 28431 28431 D VRI[MainActivity]: relayoutWindow result, sizeChanged:false, surfaceControlChanged:true, transformHintChanged:false, mSurfaceSize:Point(1440, 3168), mLastSurfaceSize:Point(1440, 3168), mWidth:1440, mHeight:3168, requestedWidth:1440, requestedHeight:3168, transformHint:0, installOrientation:0, displayRotation:0, isSurfaceValid:false, attr.flag:-2122252032, tmpFrames:ClientWindowFrames{frame=[0,0][1440,3168] display=[0,0][1440,3168] parentFrame=[0,0][0,0]}, relayoutAsync:false, mSyncSeqId:0
02-28 13:09:50.794 28431 28431 D BLASTBufferQueue: [VRI[MainActivity]#5](f:0,a:1) destructor()
02-28 13:09:50.794 28431 28431 D BufferQueueConsumer: [VRI[MainActivity]#5(BLAST Consumer)5](id:6f0f00000005,api:0,p:-1,c:28431) disconnect
02-28 13:09:50.797 28431 28431 D VRI[MainActivity]: setWindowStopped stopped:true
02-28 13:09:50.874 28431 28445 W ync.folder_sync: Cleared Reference was only reachable from finalizer (only reported once)
02-28 13:09:50.921 28431 28497 D HWUI    : SkiaOpenGLPipeline::setSurface: this=0xb400007513c900c0, surface=NULL
02-28 13:10:24.561 28431 28451 D VRI[MainActivity]: dispatchAppVisibility visible:true mUpcomingWindowFocus:false
02-28 13:10:24.564 28431 28431 D VRI[MainActivity]: setWindowStopped stopped:false
02-28 13:10:24.564 28431 28431 D ViewRootImpl: Skipping stats log for color mode
02-28 13:10:24.565 28431 28431 D ActivityThread: ComponentInfo{com.foldersync.folder_sync/com.foldersync.folder_sync.MainActivity} checkFinished=false 2
02-28 13:10:24.566 28431 28431 D ResourcesManagerExtImpl: applyConfigurationToAppResourcesLocked app.getDisplayId() return callback.displayId:0
02-28 13:10:24.566 28431 28431 V AutofillClientController: onActivityResumed()
02-28 13:10:24.567 28431 28431 V AutofillClientController: onActivityPostResumed()
02-28 13:10:24.567 28431 28431 V AutofillClientController: onActivityPostResumed(): Relayout fix enabled
02-28 13:10:24.567 28431 28431 V AutofillClientController: forResume(): Not attempting refill.
02-28 13:10:24.571 28431 28431 D ViewRootImplExtImpl: wrapConfigInfoIntoFlags rotation=0, smallestScreenWidthDp=411, residentWS=false, scenario=0, bounds=Rect(0, 0 - 1440, 3168), relayoutAsync=false, flags=0, newFlags=1660957536, title=com.foldersync.folder_sync/com.foldersync.folder_sync.MainActivity
02-28 13:10:24.575 28431 28431 D VRI[MainActivity]: relayoutWindow result, sizeChanged:false, surfaceControlChanged:true, transformHintChanged:false, mSurfaceSize:Point(1440, 3168), mLastSurfaceSize:Point(1440, 3168), mWidth:1440, mHeight:3168, requestedWidth:1440, requestedHeight:3168, transformHint:0, installOrientation:0, displayRotation:0, isSurfaceValid:true, attr.flag:-2122252032, tmpFrames:ClientWindowFrames{frame=[0,0][1440,3168] display=[0,0][1440,3168] parentFrame=[0,0][0,0]}, relayoutAsync:false, mSyncSeqId:0
02-28 13:10:24.575 28431 28431 W VRI[MainActivity]: updateBlastSurfaceIfNeeded, surfaceSize:Point(1440, 3168), lastSurfaceSize:Point(1440, 3168), format:-3, blastBufferQueue:null
02-28 13:10:24.575 28431 28431 D BufferQueueConsumer: [](id:6f0f00000007,api:0,p:-1,c:28431) connect: controlledByApp=false
02-28 13:10:24.576 28431 28431 D BufferQueueConsumer: [VRI[MainActivity]#7(BLAST Consumer)7](id:6f0f00000007,api:0,p:-1,c:28431) setMaxAcquiredBufferCount: 2
02-28 13:10:24.577 28431 28497 D HWUI    : createSurface new attribs array
02-28 13:10:24.577 28431 28497 D libEGL  : this is from skia gles
02-28 13:10:24.577 28431 28497 D BufferQueueProducer: [VRI[MainActivity]#7(BLAST Consumer)7](id:6f0f00000007,api:1,p:28431,c:28431) connect: api=1 producerControlledByApp=true
02-28 13:10:24.579 28431 28431 D SurfaceView: 158058328, SurfaceView[com.foldersync.folder_sync/com.foldersync.folder_sync.MainActivity], layerid: 10688 createBlastSurfaceControls
02-28 13:10:24.580 28431 28431 D BufferQueueConsumer: [](id:6f0f00000008,api:0,p:-1,c:28431) connect: controlledByApp=false
02-28 13:10:24.580 28431 28431 D BufferQueueConsumer: [96bc758 SurfaceView[com.foldersync.folder_sync/com.foldersync.folder_sync.MainActivity]#8(BLAST Consumer)8](id:6f0f00000008,api:0,p:-1,c:28431) setMaxAcquiredBufferCount: 2
02-28 13:10:24.580 28431 28431 I SurfaceView: 158058328 visibleChanged -- surfaceCreated 
02-28 13:10:24.582 28431 28665 D BufferQueueProducer: [96bc758 SurfaceView[com.foldersync.folder_sync/com.foldersync.folder_sync.MainActivity]#8(BLAST Consumer)8](id:6f0f00000008,api:1,p:28431,c:28431) connect: api=1 producerControlledByApp=true
02-28 13:10:24.582 28431 28665 D Surface : Surface::dispatchSetGameApi
02-28 13:10:24.582 28431 28665 D Surface : dispatchSetGameApi pid[28431] tid[28665] GameApi[1]
02-28 13:10:24.583 28431 28665 D Surface : dispatchSetGameApi res:0
02-28 13:10:24.583 28431 28665 D vulkan  : set game api vulkan successfully
02-28 13:10:24.583 28431 28665 D BLASTBufferQueue: 96bc758 SurfaceView[com.foldersync.folder_sync/com.foldersync.folder_sync.MainActivity]#8 getBufferCacheFlag 0
02-28 13:10:24.583 28431 28665 D BLASTBufferQueue: 96bc758 SurfaceView[com.foldersync.folder_sync/com.foldersync.folder_sync.MainActivity]#8 getMaxAcquireBufferCount 2
02-28 13:10:24.583 28431 28665 D BLASTBufferQueue: 96bc758 SurfaceView[com.foldersync.folder_sync/com.foldersync.folder_sync.MainActivity]#8 getOrignalMaxAcquireBufferCount 2
02-28 13:10:24.583 28431 28665 W qdgralloc: GetSize: Pixel format: 0x3b is not supported by gralloc
02-28 13:10:24.583 28431 28665 W qdgralloc: gralloc failed to allocate buffer for size 0 format 59 AWxAH 1x1 usage 2816
02-28 13:10:24.583 28431 28665 E Gralloc4: isSupported(1, 1, 59, 1, ...) failed with 7
02-28 13:10:24.583 28431 28665 E GraphicBufferAllocator: Failed to allocate (4 x 4) layerCount 1 format 59 usage b00: 2
02-28 13:10:24.583 28431 28665 E AHardwareBuffer: GraphicBuffer(w=4, h=4, lc=1) failed (Unknown error -2), handle=0x0
02-28 13:10:24.583 28431 28665 W qdgralloc: GetSize: Pixel format: 0x3b is not supported by gralloc
02-28 13:10:24.583 28431 28665 W qdgralloc: gralloc failed to allocate buffer for size 0 format 59 AWxAH 1x1 usage 2816
02-28 13:10:24.583 28431 28665 E Gralloc4: isSupported(1, 1, 59, 1, ...) failed with 7
02-28 13:10:24.584 28431 28665 E GraphicBufferAllocator: Failed to allocate (4 x 4) layerCount 1 format 59 usage b00: 2
02-28 13:10:24.584 28431 28665 E AHardwareBuffer: GraphicBuffer(w=4, h=4, lc=1) failed (Unknown error -2), handle=0x0
02-28 13:10:24.584 28431 28665 D BLASTBufferQueue: 96bc758 SurfaceView[com.foldersync.folder_sync/com.foldersync.folder_sync.MainActivity]#8 getBufferCacheFlag 0
02-28 13:10:24.584 28431 28665 D BLASTBufferQueue: 96bc758 SurfaceView[com.foldersync.folder_sync/com.foldersync.folder_sync.MainActivity]#8 getMaxAcquireBufferCount 2
02-28 13:10:24.584 28431 28665 D BLASTBufferQueue: 96bc758 SurfaceView[com.foldersync.folder_sync/com.foldersync.folder_sync.MainActivity]#8 getOrignalMaxAcquireBufferCount 2
02-28 13:10:24.593 28431 28431 D SurfaceView: 158058328 handleSyncNoBuffer
02-28 13:10:24.594 28431 28431 I SurfaceControl:  setExtendedRangeBrightness sc=Surface(name=com.foldersync.folder_sync/com.foldersync.folder_sync.MainActivity)/@0x53c7a7a,currentBufferRatio=1.0,desiredRatio=1.0
02-28 13:10:24.594 28431 28431 D SurfaceView: 158058328 dispatchDraw mDrawFinished true isAboveParent false (mPrivateFlags & PFLAG_SKIP_DRAW) 128
02-28 13:10:24.594 28431 28431 D SurfaceView: 158058328 clearSurfaceViewPort mCornerRadius 0.0
02-28 13:10:24.597 28431 28497 D BLASTBufferQueue: [VRI[MainActivity]#7](f:0,a:1) acquireNextBufferLocked size=1440x3168 mFrameNumber=1 applyTransaction=true mTimestamp=62470593492834(auto) mPendingTransactions.size=0 graphicBufferId=122110215192653 transform=0
02-28 13:10:24.597 28431 28497 D VRI[MainActivity]: Received frameCommittedCallback lastAttemptedDrawFrameNum=1 didProduceBuffer=true syncBuffer=false
02-28 13:10:24.602 28431 28665 D BLASTBufferQueue: [96bc758 SurfaceView[com.foldersync.folder_sync/com.foldersync.folder_sync.MainActivity]#8](f:0,a:1) acquireNextBufferLocked size=1440x3168 mFrameNumber=1 applyTransaction=true mTimestamp=62470599491897(auto) mPendingTransactions.size=0 graphicBufferId=122110215192648 transform=0
02-28 13:10:24.603 28431 28431 D VRI[MainActivity]: draw finished. seqId=0
02-28 13:10:24.603 28431 28431 D SurfaceView: 158058328 finishedDrawing
02-28 13:10:24.603 28431 28431 D SurfaceView: 158058328 performDrawFinished mAttachedToWindow true
02-28 13:10:24.604 28431 28431 D SurfaceView: 158058328 dispatchDraw mDrawFinished true isAboveParent false (mPrivateFlags & PFLAG_SKIP_DRAW) 128
02-28 13:10:24.604 28431 28431 D SurfaceView: 158058328 clearSurfaceViewPort mCornerRadius 0.0
02-28 13:10:24.623 28431 28431 D VRI[MainActivity]: onFocusEvent true
02-28 13:10:24.627 28431 28431 D InsetsController: hide(ime(), fromIme=false)
02-28 13:10:24.627 28431 28431 I ImeTracker: com.foldersync.folder_sync:213c2076: onCancelled at PHASE_CLIENT_ALREADY_HIDDEN
02-28 13:10:25.630 28431 28708 D OplusScrollToTopManager: com.foldersync.folder_sync/com.foldersync.folder_sync.MainActivity,This com.android.internal.policy.DecorView{cb74955 V.E...... R....... 0,0-1440,3168 aid=0 alpha=1.0 viewInfo = }[MainActivity] change focus to true
02-28 13:10:27.056 28431 28431 D VRI[MainActivity]: onFocusEvent false
02-28 13:10:27.653 28431 28431 D VRI[MainActivity]: setWindowStopped stopped:true
02-28 13:10:27.654 28431 28431 I SurfaceView: 158058328 surfaceDestroyed
02-28 13:10:27.660 28431 28665 D BufferQueueProducer: [96bc758 SurfaceView[com.foldersync.folder_sync/com.foldersync.folder_sync.MainActivity]#8(BLAST Consumer)8](id:6f0f00000008,api:1,p:28431,c:28431) disconnect: api 1
02-28 13:10:27.662 28431 28431 D BufferQueueProducer: [96bc758 SurfaceView[com.foldersync.folder_sync/com.foldersync.folder_sync.MainActivity]#8(BLAST Consumer)8](id:6f0f00000008,api:0,p:-1,c:28431) disconnect: api -1
02-28 13:10:27.662 28431 28431 D BLASTBufferQueue: [96bc758 SurfaceView[com.foldersync.folder_sync/com.foldersync.folder_sync.MainActivity]#8](f:0,a:1) destructor()
02-28 13:10:27.662 28431 28431 D BufferQueueConsumer: [96bc758 SurfaceView[com.foldersync.folder_sync/com.foldersync.folder_sync.MainActivity]#8(BLAST Consumer)8](id:6f0f00000008,api:0,p:-1,c:28431) disconnect
02-28 13:10:27.671 28431 28431 D HWUI    : RenderProxy::destroy: this=0xb4000074a6d4d600, mContext=0xb4000072f3027580
02-28 13:10:27.671 28431 28497 D HWUI    : SkiaOpenGLPipeline::setSurface: this=0xb4000074a1bf4000, surface=NULL
02-28 13:10:27.672 28431 28497 D BufferQueueProducer: [VRI[MainActivity]#7(BLAST Consumer)7](id:6f0f00000007,api:1,p:28431,c:28431) disconnect: api 1
02-28 13:10:27.673 28431 28497 D BLASTBufferQueue: [VRI[MainActivity]#7](f:0,a:1) destructor()
02-28 13:10:27.674 28431 28497 D BufferQueueConsumer: [VRI[MainActivity]#7(BLAST Consumer)7](id:6f0f00000007,api:0,p:-1,c:28431) disconnect
02-28 13:10:27.675 28431 28431 D ViewRootImplExtImpl: wrapConfigInfoIntoFlags rotation=0, smallestScreenWidthDp=411, residentWS=false, scenario=0, bounds=Rect(0, 0 - 1440, 3168), relayoutAsync=false, flags=0, newFlags=1660957536, title=com.foldersync.folder_sync/com.foldersync.folder_sync.MainActivity
02-28 13:10:27.681 28431 28431 D VRI[MainActivity]: relayoutWindow result, sizeChanged:false, surfaceControlChanged:true, transformHintChanged:false, mSurfaceSize:Point(1440, 3168), mLastSurfaceSize:Point(1440, 3168), mWidth:1440, mHeight:3168, requestedWidth:1440, requestedHeight:3168, transformHint:0, installOrientation:0, displayRotation:0, isSurfaceValid:false, attr.flag:-2122252032, tmpFrames:ClientWindowFrames{frame=[0,0][1440,3168] display=[0,0][1440,3168] parentFrame=[0,0][0,0]}, relayoutAsync:false, mSyncSeqId:0
02-28 13:10:27.683 28431 28777 D VRI[MainActivity]: dispatchAppVisibility visible:false mUpcomingWindowFocus:false
02-28 13:10:28.061 28431 28708 D OplusScrollToTopManager: com.foldersync.folder_sync/com.foldersync.folder_sync.MainActivity,This com.android.internal.policy.DecorView{cb74955 I.E...... R.....ID 0,0-1440,3168 aid=0 alpha=1.0 viewInfo = }[MainActivity] change focus to false
02-28 13:10:36.332 28431 28497 D HWUI    : RenderThread::destroyRenderingContext: this=0xb400007507ee8e00
02-28 13:10:36.332 28431 28497 D HWUI    : SkiaOpenGLPipeline::onContextDestroyed: this=0xb4000074a1bf4000
02-28 13:10:36.333 28431 28497 D HWUI    : EglManager::destroy: mEglDisplay=0xb40000754d89cfc0, mEglContext=0xb4000074a53c4080, mCurrentSurface=0x0
02-28 13:12:01.329 28431 28786 D VRI[MainActivity]: dispatchAppVisibility visible:true mUpcomingWindowFocus:false
02-28 13:12:01.339 28431 28431 D VRI[MainActivity]: setWindowStopped stopped:false
02-28 13:12:01.340 28431 28431 D ActivityThread: ComponentInfo{com.foldersync.folder_sync/com.foldersync.folder_sync.MainActivity} checkFinished=false 2
02-28 13:12:01.341 28431 28431 D ResourcesManagerExtImpl: applyConfigurationToAppResourcesLocked app.getDisplayId() return callback.displayId:0
02-28 13:12:01.345 28431 28431 V AutofillClientController: onActivityResumed()
02-28 13:12:01.346 28431 28431 V AutofillClientController: onActivityPostResumed()
02-28 13:12:01.346 28431 28431 V AutofillClientController: onActivityPostResumed(): Relayout fix enabled
02-28 13:12:01.346 28431 28431 V AutofillClientController: forResume(): Not attempting refill.
02-28 13:12:01.349 28431 28431 D ViewRootImplExtImpl: wrapConfigInfoIntoFlags rotation=0, smallestScreenWidthDp=411, residentWS=false, scenario=0, bounds=Rect(0, 0 - 1440, 3168), relayoutAsync=false, flags=0, newFlags=1660957536, title=com.foldersync.folder_sync/com.foldersync.folder_sync.MainActivity
02-28 13:12:01.354 28431 28431 D VRI[MainActivity]: relayoutWindow result, sizeChanged:false, surfaceControlChanged:true, transformHintChanged:false, mSurfaceSize:Point(1440, 3168), mLastSurfaceSize:Point(1440, 3168), mWidth:1440, mHeight:3168, requestedWidth:1440, requestedHeight:3168, transformHint:0, installOrientation:0, displayRotation:0, isSurfaceValid:true, attr.flag:-2122252032, tmpFrames:ClientWindowFrames{frame=[0,0][1440,3168] display=[0,0][1440,3168] parentFrame=[0,0][0,0]}, relayoutAsync:false, mSyncSeqId:0
02-28 13:12:01.354 28431 28431 W VRI[MainActivity]: updateBlastSurfaceIfNeeded, surfaceSize:Point(1440, 3168), lastSurfaceSize:Point(1440, 3168), format:-3, blastBufferQueue:null
02-28 13:12:01.354 28431 28431 D BufferQueueConsumer: [](id:6f0f00000009,api:0,p:-1,c:28431) connect: controlledByApp=false
02-28 13:12:01.355 28431 28431 D BufferQueueConsumer: [VRI[MainActivity]#9(BLAST Consumer)9](id:6f0f00000009,api:0,p:-1,c:28431) setMaxAcquiredBufferCount: 2
02-28 13:12:01.356 28431 28497 I AdrenoGLES-0: QUALCOMM build                   : 8924aaec70, I7b07ce2793
02-28 13:12:01.356 28431 28497 I AdrenoGLES-0: Build Date                       : 07/16/25
02-28 13:12:01.356 28431 28497 I AdrenoGLES-0: OpenGL ES Shader Compiler Version: E031.45.02.26
02-28 13:12:01.356 28431 28497 I AdrenoGLES-0: Local Branch                     : 
02-28 13:12:01.356 28431 28497 I AdrenoGLES-0: Remote Branch                    : refs/tags/AU_LINUX_ANDROID_LA.VENDOR.14.3.0.11.00.00.973.948
02-28 13:12:01.356 28431 28497 I AdrenoGLES-0: Remote Branch                    : NONE
02-28 13:12:01.356 28431 28497 I AdrenoGLES-0: Reconstruct Branch               : NOTHING
02-28 13:12:01.356 28431 28497 I AdrenoGLES-0: Build Config                     : S P 16.1.2 AArch64
02-28 13:12:01.356 28431 28497 I AdrenoGLES-0: Driver Path                      : /vendor/lib64/egl/libGLESv2_adreno.so
02-28 13:12:01.356 28431 28497 I AdrenoGLES-0: Driver Version                   : 0762.40
02-28 13:12:01.356 28431 28497 I AdrenoGLES-0: Process Name                     : com.foldersync.folder_sync
02-28 13:12:01.357 28431 28431 D SurfaceView: 158058328, SurfaceView[com.foldersync.folder_sync/com.foldersync.folder_sync.MainActivity], layerid: 10805 createBlastSurfaceControls
02-28 13:12:01.358 28431 28431 D BufferQueueConsumer: [](id:6f0f0000000a,api:0,p:-1,c:28431) connect: controlledByApp=false
02-28 13:12:01.358 28431 28497 I AdrenoGLES-0: PFP: 0x01520181, ME: 0x01520023
02-28 13:12:01.358 28431 28431 D BufferQueueConsumer: [96bc758 SurfaceView[com.foldersync.folder_sync/com.foldersync.folder_sync.MainActivity]#10(BLAST Consumer)10](id:6f0f0000000a,api:0,p:-1,c:28431) setMaxAcquiredBufferCount: 2
02-28 13:12:01.358 28431 28431 I SurfaceView: 158058328 visibleChanged -- surfaceCreated 
02-28 13:12:01.359 28431 28665 D BufferQueueProducer: [96bc758 SurfaceView[com.foldersync.folder_sync/com.foldersync.folder_sync.MainActivity]#10(BLAST Consumer)10](id:6f0f0000000a,api:1,p:28431,c:28431) connect: api=1 producerControlledByApp=true
02-28 13:12:01.359 28431 28665 D Surface : Surface::dispatchSetGameApi
02-28 13:12:01.359 28431 28665 D Surface : dispatchSetGameApi pid[28431] tid[28665] GameApi[1]
02-28 13:12:01.359 28431 28665 D Surface : dispatchSetGameApi res:0
02-28 13:12:01.359 28431 28665 D vulkan  : set game api vulkan successfully
02-28 13:12:01.359 28431 28665 D BLASTBufferQueue: 96bc758 SurfaceView[com.foldersync.folder_sync/com.foldersync.folder_sync.MainActivity]#10 getBufferCacheFlag 0
02-28 13:12:01.360 28431 28665 D BLASTBufferQueue: 96bc758 SurfaceView[com.foldersync.folder_sync/com.foldersync.folder_sync.MainActivity]#10 getMaxAcquireBufferCount 2
02-28 13:12:01.361 28431 28665 D BLASTBufferQueue: 96bc758 SurfaceView[com.foldersync.folder_sync/com.foldersync.folder_sync.MainActivity]#10 getOrignalMaxAcquireBufferCount 2
02-28 13:12:01.361 28431 28665 W qdgralloc: GetSize: Pixel format: 0x3b is not supported by gralloc
02-28 13:12:01.361 28431 28665 W qdgralloc: gralloc failed to allocate buffer for size 0 format 59 AWxAH 1x1 usage 2816
02-28 13:12:01.361 28431 28665 E Gralloc4: isSupported(1, 1, 59, 1, ...) failed with 7
02-28 13:12:01.361 28431 28665 E GraphicBufferAllocator: Failed to allocate (4 x 4) layerCount 1 format 59 usage b00: 2
02-28 13:12:01.361 28431 28665 E AHardwareBuffer: GraphicBuffer(w=4, h=4, lc=1) failed (Unknown error -2), handle=0x0
02-28 13:12:01.361 28431 28665 W qdgralloc: GetSize: Pixel format: 0x3b is not supported by gralloc
02-28 13:12:01.361 28431 28665 W qdgralloc: gralloc failed to allocate buffer for size 0 format 59 AWxAH 1x1 usage 2816
02-28 13:12:01.361 28431 28665 E Gralloc4: isSupported(1, 1, 59, 1, ...) failed with 7
02-28 13:12:01.361 28431 28665 E GraphicBufferAllocator: Failed to allocate (4 x 4) layerCount 1 format 59 usage b00: 2
02-28 13:12:01.361 28431 28665 E AHardwareBuffer: GraphicBuffer(w=4, h=4, lc=1) failed (Unknown error -2), handle=0x0
02-28 13:12:01.361 28431 28665 D BLASTBufferQueue: 96bc758 SurfaceView[com.foldersync.folder_sync/com.foldersync.folder_sync.MainActivity]#10 getBufferCacheFlag 0
02-28 13:12:01.361 28431 28665 D BLASTBufferQueue: 96bc758 SurfaceView[com.foldersync.folder_sync/com.foldersync.folder_sync.MainActivity]#10 getMaxAcquireBufferCount 2
02-28 13:12:01.361 28431 28665 D BLASTBufferQueue: 96bc758 SurfaceView[com.foldersync.folder_sync/com.foldersync.folder_sync.MainActivity]#10 getOrignalMaxAcquireBufferCount 2
02-28 13:12:01.366 28431 28497 D HWUI    : createSurface new attribs array
02-28 13:12:01.366 28431 28497 D libEGL  : this is from skia gles
02-28 13:12:01.366 28431 28497 D BufferQueueProducer: [VRI[MainActivity]#9(BLAST Consumer)9](id:6f0f00000009,api:1,p:28431,c:28431) connect: api=1 producerControlledByApp=true
02-28 13:12:01.371 28431 28431 D SurfaceView: 158058328 handleSyncNoBuffer
02-28 13:12:01.372 28431 28431 I SurfaceControl:  setExtendedRangeBrightness sc=Surface(name=com.foldersync.folder_sync/com.foldersync.folder_sync.MainActivity)/@0x53c7a7a,currentBufferRatio=1.0,desiredRatio=1.0
02-28 13:12:01.372 28431 28431 D SurfaceView: 158058328 dispatchDraw mDrawFinished true isAboveParent false (mPrivateFlags & PFLAG_SKIP_DRAW) 128
02-28 13:12:01.372 28431 28431 D SurfaceView: 158058328 clearSurfaceViewPort mCornerRadius 0.0
02-28 13:12:01.376 28431 28497 D BLASTBufferQueue: [VRI[MainActivity]#9](f:0,a:1) acquireNextBufferLocked size=1440x3168 mFrameNumber=1 applyTransaction=true mTimestamp=62567372949985(auto) mPendingTransactions.size=0 graphicBufferId=122110215192672 transform=0
02-28 13:12:01.376 28431 28497 D VRI[MainActivity]: Received frameCommittedCallback lastAttemptedDrawFrameNum=1 didProduceBuffer=true syncBuffer=false
02-28 13:12:01.377 28431 28431 D ResourcesManagerExtImpl: applyConfigurationToAppResourcesLocked app.getDisplayId() return callback.displayId:0
02-28 13:12:01.378 28431 28431 W VRI[MainActivity]: handleResized, msg:, frameChanged:false, configChanged:false, displayChanged:false, attachedFrameChanged:false, compatScaleChanged:false, pendingDragResizing=false
02-28 13:12:01.383 28431 28665 D BLASTBufferQueue: [96bc758 SurfaceView[com.foldersync.folder_sync/com.foldersync.folder_sync.MainActivity]#10](f:0,a:1) acquireNextBufferLocked size=1440x3168 mFrameNumber=1 applyTransaction=true mTimestamp=62567379733214(auto) mPendingTransactions.size=0 graphicBufferId=122110215192667 transform=0
02-28 13:12:01.383 28431 28431 D VRI[MainActivity]: draw finished. seqId=0
02-28 13:12:01.384 28431 28431 D SurfaceView: 158058328 finishedDrawing
02-28 13:12:01.384 28431 28431 D SurfaceView: 158058328 performDrawFinished mAttachedToWindow true
02-28 13:12:01.385 28431 28431 D SurfaceView: 158058328 dispatchDraw mDrawFinished true isAboveParent false (mPrivateFlags & PFLAG_SKIP_DRAW) 128
02-28 13:12:01.385 28431 28431 D SurfaceView: 158058328 clearSurfaceViewPort mCornerRadius 0.0
02-28 13:12:01.389 28431 28497 D VRI[MainActivity]: Received frameCommittedCallback lastAttemptedDrawFrameNum=2 didProduceBuffer=true syncBuffer=false
02-28 13:12:01.389 28431 28431 D VRI[MainActivity]: draw finished. seqId=0
02-28 13:12:01.404 28431 28431 D VRI[MainActivity]: onFocusEvent true
02-28 13:12:01.414 28431 28431 D InsetsController: hide(ime(), fromIme=false)
02-28 13:12:01.414 28431 28431 I ImeTracker: com.foldersync.folder_sync:1d7e2c57: onCancelled at PHASE_CLIENT_ALREADY_HIDDEN
02-28 13:12:02.411 28431 28708 D OplusScrollToTopManager: com.foldersync.folder_sync/com.foldersync.folder_sync.MainActivity,This com.android.internal.policy.DecorView{cb74955 V.E...... R....... 0,0-1440,3168 aid=0 alpha=1.0 viewInfo = }[MainActivity] change focus to true
02-28 13:12:02.972 28431 28431 I DynamicFramerate [AnimationSpeedAware]: onEventHandled: info: InputEventInfo: mX = 0, mY = 0, mAction = 0, mVsyncTime = 62568969, mIsMoving = true, mUpdated = true
02-28 13:12:02.972 28431 28431 E IJankManager: slideSceneEnd unknown scene 1000 mScene:-1
02-28 13:12:02.973 28431 28431 V AutofillManager: requestHideFillUi(null): anchor = null
02-28 13:12:02.999 28431 28431 D OplusViewDragTouchViewHelper: dispatchTouchView action = 5
02-28 13:12:03.007 28431 28431 D OplusViewDragTouchViewHelper: dispatchTouchView action = 5
02-28 13:12:03.017 28431 28431 I DynamicFramerate [AnimationSpeedAware]: onEventHandled: info: InputEventInfo: mX = 0, mY = 0, mAction = 3, mVsyncTime = 62569014, mIsMoving = false, mUpdated = true
02-28 13:12:04.228 28431 28431 D VRI[MainActivity]: onFocusEvent false
02-28 13:12:05.234 28431 28708 D OplusScrollToTopManager: com.foldersync.folder_sync/com.foldersync.folder_sync.MainActivity,This com.android.internal.policy.DecorView{cb74955 V.E...... R....... 0,0-1440,3168 aid=0 alpha=1.0 viewInfo = }[MainActivity] change focus to false
02-28 13:12:07.991 28431 28431 D VRI[MainActivity]: onFocusEvent true
02-28 13:12:07.995 28431 28431 D InsetsController: hide(ime(), fromIme=false)
02-28 13:12:07.995 28431 28431 I ImeTracker: com.foldersync.folder_sync:54531bd3: onCancelled at PHASE_CLIENT_ALREADY_HIDDEN
02-28 13:12:08.536 28431 28431 I DynamicFramerate [AnimationSpeedAware]: onEventHandled: info: InputEventInfo: mX = 0, mY = 0, mAction = 0, mVsyncTime = 62574533, mIsMoving = true, mUpdated = true
02-28 13:12:08.536 28431 28431 E IJankManager: slideSceneEnd unknown scene 1000 mScene:-1
02-28 13:12:08.536 28431 28431 V AutofillManager: requestHideFillUi(null): anchor = null
02-28 13:12:08.558 28431 28431 I DynamicFramerate [AnimationSpeedAware]: onEventHandled: info: InputEventInfo: mX = 0, mY = 0, mAction = 1, mVsyncTime = 62574555, mIsMoving = false, mUpdated = true
02-28 13:12:08.558 28431 28431 D OplusViewDragTouchViewHelper: dispatchTouchView action = 1
02-28 13:12:08.558 28431 28431 D ViewRootImplExtImpl: the up motion event handled by client, just return
02-28 13:12:08.609 28431 28665 D Dolphin : SurfaceFlinger: Smart touch debug: set desiredPresentTime for this frame.
02-28 13:12:08.997 28431 28708 D OplusScrollToTopManager: com.foldersync.folder_sync/com.foldersync.folder_sync.MainActivity,This com.android.internal.policy.DecorView{cb74955 V.E...... R....... 0,0-1440,3168 aid=0 alpha=1.0 viewInfo = }[MainActivity] change focus to true
02-28 13:12:10.143 28431 28431 D VRI[MainActivity]: onFocusEvent false
02-28 13:12:10.148 28431 28431 W VRI[MainActivity]: handleResized abandoned!
02-28 13:12:11.147 28431 28708 D OplusScrollToTopManager: com.foldersync.folder_sync/com.foldersync.folder_sync.MainActivity,This com.android.internal.policy.DecorView{cb74955 V.E...... R....... 0,0-1440,3168 aid=0 alpha=1.0 viewInfo = }[MainActivity] change focus to false
02-28 13:12:16.604 28431 28431 D ActivityThread: ComponentInfo{com.foldersync.folder_sync/com.foldersync.folder_sync.MainActivity} checkFinished=false 4
02-28 13:12:16.604 28431 28431 D ResourcesManagerExtImpl: applyConfigurationToAppResourcesLocked app.getDisplayId() return callback.displayId:0
02-28 13:12:16.604 28431 28431 V AutofillClientController: onActivityResumed()
02-28 13:12:16.604 28431 28431 V AutofillClientController: onActivityPostResumed()
02-28 13:12:16.604 28431 28431 V AutofillClientController: onActivityPostResumed(): Relayout fix enabled
02-28 13:12:16.604 28431 28431 V AutofillClientController: forResume(): Not attempting refill.
02-28 13:12:20.705 28431 28431 D ActivityThread: ComponentInfo{com.foldersync.folder_sync/com.foldersync.folder_sync.MainActivity} checkFinished=false 4
02-28 13:12:20.705 28431 28431 D ResourcesManagerExtImpl: applyConfigurationToAppResourcesLocked app.getDisplayId() return callback.displayId:0
02-28 13:12:20.705 28431 28431 V AutofillClientController: onActivityResumed()
02-28 13:12:20.706 28431 28431 V AutofillClientController: onActivityPostResumed()
02-28 13:12:20.706 28431 28431 V AutofillClientController: onActivityPostResumed(): Relayout fix enabled
02-28 13:12:20.706 28431 28431 V AutofillClientController: forResume(): Not attempting refill.
02-28 13:12:20.731 28431 28431 D VRI[MainActivity]: onFocusEvent true
02-28 13:12:20.734 28431 28431 D InsetsController: hide(ime(), fromIme=false)
02-28 13:12:20.734 28431 28431 I ImeTracker: com.foldersync.folder_sync:bdf54068: onCancelled at PHASE_CLIENT_ALREADY_HIDDEN
02-28 13:12:20.796 28431 28431 D VRI[MainActivity]: onFocusEvent false
02-28 13:12:21.803 28431 28708 D OplusScrollToTopManager: com.foldersync.folder_sync/com.foldersync.folder_sync.MainActivity,This com.android.internal.policy.DecorView{cb74955 V.E...... R....... 0,0-1440,3168 aid=0 alpha=1.0 viewInfo = }[MainActivity] change focus to false
02-28 13:12:28.530 28431 28431 D VRI[MainActivity]: onFocusEvent true
02-28 13:12:28.540 28431 28431 D InsetsController: hide(ime(), fromIme=false)
02-28 13:12:28.540 28431 28431 I ImeTracker: com.foldersync.folder_sync:3e624772: onCancelled at PHASE_CLIENT_ALREADY_HIDDEN
02-28 13:12:29.535 28431 28708 D OplusScrollToTopManager: com.foldersync.folder_sync/com.foldersync.folder_sync.MainActivity,This com.android.internal.policy.DecorView{cb74955 V.E...... R....... 0,0-1440,3168 aid=0 alpha=1.0 viewInfo = }[MainActivity] change focus to true
02-28 13:12:29.580 28431 28431 D ViewRootImplExtImpl: onDisplayChanged 3 for VRI android.view.ViewRootImpl@9f025d1
02-28 13:12:32.307 28431 28431 I DynamicFramerate [AnimationSpeedAware]: onEventHandled: info: InputEventInfo: mX = 0, mY = 0, mAction = 0, mVsyncTime = 62598304, mIsMoving = true, mUpdated = true
02-28 13:12:32.307 28431 28431 E IJankManager: slideSceneEnd unknown scene 1000 mScene:-1
02-28 13:12:32.307 28431 28431 V AutofillManager: requestHideFillUi(null): anchor = null
02-28 13:12:32.400 28431 28431 I DynamicFramerate [AnimationSpeedAware]: onEventHandled: info: InputEventInfo: mX = 0, mY = 0, mAction = 1, mVsyncTime = 62598397, mIsMoving = false, mUpdated = true
02-28 13:12:32.401 28431 28431 D OplusViewDragTouchViewHelper: dispatchTouchView action = 1
02-28 13:12:32.401 28431 28431 D ViewRootImplExtImpl: the up motion event handled by client, just return
02-28 13:12:32.453 28431 28665 D Dolphin : SurfaceFlinger: Smart touch debug: set desiredPresentTime for this frame.
02-28 13:12:35.717 28431 28431 I DynamicFramerate [AnimationSpeedAware]: onEventHandled: info: InputEventInfo: mX = 0, mY = 0, mAction = 0, mVsyncTime = 62601714, mIsMoving = true, mUpdated = true
02-28 13:12:35.718 28431 28431 E IJankManager: slideSceneEnd unknown scene 1003 mScene:-1
02-28 13:12:35.718 28431 28431 V AutofillManager: requestHideFillUi(null): anchor = null
02-28 13:12:35.720 28431 28431 I DynamicFramerate [AnimationSpeedAware]: onEventHandled: info: InputEventInfo: mX = 0, mY = 0, mAction = 1, mVsyncTime = 62601717, mIsMoving = false, mUpdated = true
02-28 13:12:35.721 28431 28431 D OplusViewDragTouchViewHelper: dispatchTouchView action = 1
02-28 13:12:35.721 28431 28431 D ViewRootImplExtImpl: the up motion event handled by client, just return
02-28 13:12:40.427 28431 28431 I DynamicFramerate [AnimationSpeedAware]: onEventHandled: info: InputEventInfo: mX = 0, mY = 0, mAction = 0, mVsyncTime = 62606424, mIsMoving = true, mUpdated = true
02-28 13:12:40.427 28431 28431 E IJankManager: slideSceneEnd unknown scene 1003 mScene:-1
02-28 13:12:40.427 28431 28431 V AutofillManager: requestHideFillUi(null): anchor = null
02-28 13:12:40.529 28431 28431 I DynamicFramerate [AnimationSpeedAware]: onEventHandled: info: InputEventInfo: mX = 0, mY = 0, mAction = 1, mVsyncTime = 62606526, mIsMoving = false, mUpdated = true
02-28 13:12:40.530 28431 28431 D OplusViewDragTouchViewHelper: dispatchTouchView action = 1
02-28 13:12:40.531 28431 28431 D ViewRootImplExtImpl: the up motion event handled by client, just return
02-28 13:12:41.987 28431 28431 I DynamicFramerate [AnimationSpeedAware]: onEventHandled: info: InputEventInfo: mX = 0, mY = 0, mAction = 0, mVsyncTime = 62607984, mIsMoving = true, mUpdated = true
02-28 13:12:41.989 28431 28431 E IJankManager: slideSceneEnd unknown scene 1003 mScene:-1
02-28 13:12:41.990 28431 28431 V AutofillManager: requestHideFillUi(null): anchor = null
02-28 13:12:41.991 28431 28431 I DynamicFramerate [AnimationSpeedAware]: onEventHandled: info: InputEventInfo: mX = 0, mY = 0, mAction = 1, mVsyncTime = 62607988, mIsMoving = false, mUpdated = true
02-28 13:12:41.991 28431 28431 D OplusViewDragTouchViewHelper: dispatchTouchView action = 1
02-28 13:12:41.992 28431 28431 D ViewRootImplExtImpl: the up motion event handled by client, just return
02-28 13:12:44.064 28431 28431 D VRI[MainActivity]: onFocusEvent false
02-28 13:12:45.072 28431 28708 D OplusScrollToTopManager: com.foldersync.folder_sync/com.foldersync.folder_sync.MainActivity,This com.android.internal.policy.DecorView{cb74955 V.E...... R....... 0,0-1440,3168 aid=0 alpha=1.0 viewInfo = }[MainActivity] change focus to false
02-28 13:12:45.839 28431 28431 D ViewRootImplExtImpl: onDisplayChanged 3 for VRI android.view.ViewRootImpl@9f025d1
02-28 13:12:46.168 28431 28431 D VRI[MainActivity]: onFocusEvent true
02-28 13:12:46.173 28431 28431 D InsetsController: hide(ime(), fromIme=false)
02-28 13:12:46.173 28431 28431 I ImeTracker: com.foldersync.folder_sync:f8b6234b: onCancelled at PHASE_CLIENT_ALREADY_HIDDEN
02-28 13:12:47.176 28431 28708 D OplusScrollToTopManager: com.foldersync.folder_sync/com.foldersync.folder_sync.MainActivity,This com.android.internal.policy.DecorView{cb74955 V.E...... R....... 0,0-1440,3168 aid=0 alpha=1.0 viewInfo = }[MainActivity] change focus to true
02-28 13:12:47.493 28431 28431 D VRI[MainActivity]: onFocusEvent false
02-28 13:12:48.433 28431 13426 D VRI[MainActivity]: dispatchAppVisibility visible:false mUpcomingWindowFocus:false
02-28 13:12:48.433 28431 28431 D VRI[MainActivity]: visibilityChanged oldVisibility=true newVisibility=false
02-28 13:12:48.438 28431 28431 I SurfaceView: 158058328 surfaceDestroyed
02-28 13:12:48.457 28431 28665 D BufferQueueProducer: [96bc758 SurfaceView[com.foldersync.folder_sync/com.foldersync.folder_sync.MainActivity]#10(BLAST Consumer)10](id:6f0f0000000a,api:1,p:28431,c:28431) disconnect: api 1
02-28 13:12:48.457 28431 28431 D BufferQueueProducer: [96bc758 SurfaceView[com.foldersync.folder_sync/com.foldersync.folder_sync.MainActivity]#10(BLAST Consumer)10](id:6f0f0000000a,api:0,p:-1,c:28431) disconnect: api -1
02-28 13:12:48.457 28431 28431 D BLASTBufferQueue: [96bc758 SurfaceView[com.foldersync.folder_sync/com.foldersync.folder_sync.MainActivity]#10](f:0,a:1) destructor()
02-28 13:12:48.457 28431 28431 D BufferQueueConsumer: [96bc758 SurfaceView[com.foldersync.folder_sync/com.foldersync.folder_sync.MainActivity]#10(BLAST Consumer)10](id:6f0f0000000a,api:0,p:-1,c:28431) disconnect
02-28 13:12:48.458 28431 28497 D SurfaceView: 15437167positionLost mSurfaceControl is null return;
02-28 13:12:48.458 28431 28431 D HWUI    : RenderProxy::destroy: this=0xb4000074a6d4d600, mContext=0xb4000072f3027580
02-28 13:12:48.458 28431 28497 D HWUI    : SkiaOpenGLPipeline::setSurface: this=0xb4000074a1bf4000, surface=NULL
02-28 13:12:48.458 28431 28497 D BufferQueueProducer: [VRI[MainActivity]#9(BLAST Consumer)9](id:6f0f00000009,api:1,p:28431,c:28431) disconnect: api 1
02-28 13:12:48.459 28431 28431 D ViewRootImplExtImpl: wrapConfigInfoIntoFlags rotation=0, smallestScreenWidthDp=411, residentWS=false, scenario=0, bounds=Rect(0, 0 - 1440, 3168), relayoutAsync=false, flags=0, newFlags=1660957536, title=com.foldersync.folder_sync/com.foldersync.folder_sync.MainActivity
02-28 13:12:48.462 28431 28431 D VRI[MainActivity]: relayoutWindow result, sizeChanged:false, surfaceControlChanged:true, transformHintChanged:false, mSurfaceSize:Point(1440, 3168), mLastSurfaceSize:Point(1440, 3168), mWidth:1440, mHeight:3168, requestedWidth:1440, requestedHeight:3168, transformHint:0, installOrientation:0, displayRotation:0, isSurfaceValid:false, attr.flag:-2122252032, tmpFrames:ClientWindowFrames{frame=[0,0][1440,3168] display=[0,0][1440,3168] parentFrame=[0,0][0,0]}, relayoutAsync:false, mSyncSeqId:0
02-28 13:12:48.462 28431 28431 D BLASTBufferQueue: [VRI[MainActivity]#9](f:0,a:1) destructor()
02-28 13:12:48.462 28431 28431 D BufferQueueConsumer: [VRI[MainActivity]#9(BLAST Consumer)9](id:6f0f00000009,api:0,p:-1,c:28431) disconnect
02-28 13:12:48.464 28431 28431 D VRI[MainActivity]: setWindowStopped stopped:true
02-28 13:12:48.495 28431 28708 D OplusScrollToTopManager: com.foldersync.folder_sync/com.foldersync.folder_sync.MainActivity,This com.android.internal.policy.DecorView{cb74955 I.E...... R.....ID 0,0-1440,3168 aid=0 alpha=1.0 viewInfo = }[MainActivity] change focus to false
02-28 13:13:01.954 28431 28497 D HWUI    : RenderThread::destroyRenderingContext: this=0xb400007507ee8e00
02-28 13:13:01.954 28431 28497 D HWUI    : SkiaOpenGLPipeline::onContextDestroyed: this=0xb4000074a1bf4000
02-28 13:13:01.955 28431 28497 D HWUI    : EglManager::destroy: mEglDisplay=0xb40000754d89cfc0, mEglContext=0xb4000074a53c4080, mCurrentSurface=0x0
