02-28 14:40:13.073 30895 30895 V AutofillManager: requestHideFillUi(null): anchor = null
02-28 14:40:13.189 30895 30895 I DynamicFramerate [AnimationSpeedAware]: onEventHandled: info: InputEventInfo: mX = 0, mY = 0, mAction = 1, mVsyncTime = 67837047, mIsMoving = false, mUpdated = true
02-28 14:40:13.190 30895 30895 D OplusViewDragTouchViewHelper: dispatchTouchView action = 1
02-28 14:40:13.191 30895 30895 D ViewRootImplExtImpl: the up motion event handled by client, just return
02-28 14:40:13.195 30895 30895 I flutter : FINE: 2026-02-28 14:40:13.195384: [AddTaskScreen] Launching native local folder picker
02-28 14:40:13.236 30895 31410 D Dolphin : SurfaceFlinger: Smart touch debug: set desiredPresentTime for this frame.
02-28 14:40:13.238 30895 30895 D VRI[MainActivity]: onFocusEvent false
02-28 14:40:13.632 30895 30949 D VRI[MainActivity]: dispatchAppVisibility visible:false mUpcomingWindowFocus:false
02-28 14:40:13.632 30895 30895 D VRI[MainActivity]: visibilityChanged oldVisibility=true newVisibility=false
02-28 14:40:13.637 30895 30895 I SurfaceView: 94382448 surfaceDestroyed
02-28 14:40:13.639 30895 31410 D BufferQueueProducer: [5a02970 SurfaceView[com.foldersync.folder_sync/com.foldersync.folder_sync.MainActivity]#3(BLAST Consumer)3](id:78af00000003,api:1,p:30895,c:30895) disconnect: api 1
02-28 14:40:13.640 30895 30895 D BufferQueueProducer: [5a02970 SurfaceView[com.foldersync.folder_sync/com.foldersync.folder_sync.MainActivity]#3(BLAST Consumer)3](id:78af00000003,api:0,p:-1,c:30895) disconnect: api -1
02-28 14:40:13.640 30895 30895 D BLASTBufferQueue: [5a02970 SurfaceView[com.foldersync.folder_sync/com.foldersync.folder_sync.MainActivity]#3](f:0,a:1) destructor()
02-28 14:40:13.640 30895 30895 D BufferQueueConsumer: [5a02970 SurfaceView[com.foldersync.folder_sync/com.foldersync.folder_sync.MainActivity]#3(BLAST Consumer)3](id:78af00000003,api:0,p:-1,c:30895) disconnect
02-28 14:40:13.641 30895 31094 D SurfaceView: 43343082positionLost mSurfaceControl is null return;
02-28 14:40:13.641 30895 30895 D HWUI    : RenderProxy::destroy: this=0xb400007509e90400, mContext=0xb40000748d56a580
02-28 14:40:13.641 30895 31094 D HWUI    : SkiaOpenGLPipeline::setSurface: this=0xb40000748d4c8a40, surface=NULL
02-28 14:40:13.641 30895 31094 D BufferQueueProducer: [VRI[MainActivity]#2(BLAST Consumer)2](id:78af00000002,api:1,p:30895,c:30895) disconnect: api 1
02-28 14:40:13.641 30895 30895 D ViewRootImplExtImpl: wrapConfigInfoIntoFlags rotation=0, smallestScreenWidthDp=411, residentWS=false, scenario=0, bounds=Rect(0, 0 - 1440, 3168), relayoutAsync=false, flags=0, newFlags=1660957536, title=com.foldersync.folder_sync/com.foldersync.folder_sync.MainActivity
02-28 14:40:13.645 30895 30895 D VRI[MainActivity]: relayoutWindow result, sizeChanged:false, surfaceControlChanged:true, transformHintChanged:false, mSurfaceSize:Point(1440, 3168), mLastSurfaceSize:Point(1440, 3168), mWidth:1440, mHeight:3168, requestedWidth:1440, requestedHeight:3168, transformHint:0, installOrientation:0, displayRotation:0, isSurfaceValid:false, attr.flag:-2122252032, tmpFrames:ClientWindowFrames{frame=[0,0][1440,3168] display=[0,0][1440,3168] parentFrame=[0,0][0,0]}, relayoutAsync:false, mSyncSeqId:0
02-28 14:40:13.645 30895 30895 D BLASTBufferQueue: [VRI[MainActivity]#2](f:0,a:1) destructor()
02-28 14:40:13.645 30895 30895 D BufferQueueConsumer: [VRI[MainActivity]#2(BLAST Consumer)2](id:78af00000002,api:0,p:-1,c:30895) disconnect
02-28 14:40:13.654 30895 30895 D VRI[MainActivity]: setWindowStopped stopped:true
02-28 14:40:14.242 30895 31644 D OplusScrollToTopManager: com.foldersync.folder_sync/com.foldersync.folder_sync.MainActivity,This com.android.internal.policy.DecorView{3004e0d I.E...... R.....ID 0,0-1440,3168 aid=0 alpha=1.0 viewInfo = }[MainActivity] change focus to false
02-28 14:40:17.088 30895 30949 D VRI[MainActivity]: dispatchAppVisibility visible:true mUpcomingWindowFocus:false
02-28 14:40:17.094 30895 30895 D VRI[MainActivity]: setWindowStopped stopped:false
02-28 14:40:17.095 30895 30895 D ViewRootImpl: Skipping stats log for color mode
02-28 14:40:17.100 30895 30895 D ActivityThread: ComponentInfo{com.foldersync.folder_sync/com.foldersync.folder_sync.MainActivity} checkFinished=false 2
02-28 14:40:17.101 30895 30895 D ResourcesManagerExtImpl: applyConfigurationToAppResourcesLocked app.getDisplayId() return callback.displayId:0
02-28 14:40:17.101 30895 30895 V AutofillClientController: onActivityResumed()
02-28 14:40:17.102 30895 30895 V AutofillClientController: onActivityPostResumed()
02-28 14:40:17.102 30895 30895 V AutofillClientController: onActivityPostResumed(): Relayout fix enabled
02-28 14:40:17.102 30895 30895 V AutofillClientController: forResume(): Not attempting refill.
02-28 14:40:17.103 30895 30895 D ViewRootImplExtImpl: wrapConfigInfoIntoFlags rotation=0, smallestScreenWidthDp=411, residentWS=false, scenario=0, bounds=Rect(0, 0 - 1440, 3168), relayoutAsync=false, flags=0, newFlags=1660957536, title=com.foldersync.folder_sync/com.foldersync.folder_sync.MainActivity
02-28 14:40:17.108 30895 30895 D VRI[MainActivity]: relayoutWindow result, sizeChanged:false, surfaceControlChanged:true, transformHintChanged:false, mSurfaceSize:Point(1440, 3168), mLastSurfaceSize:Point(1440, 3168), mWidth:1440, mHeight:3168, requestedWidth:1440, requestedHeight:3168, transformHint:0, installOrientation:0, displayRotation:0, isSurfaceValid:true, attr.flag:-2122252032, tmpFrames:ClientWindowFrames{frame=[0,0][1440,3168] display=[0,0][1440,3168] parentFrame=[0,0][0,0]}, relayoutAsync:false, mSyncSeqId:0
02-28 14:40:17.108 30895 30895 W VRI[MainActivity]: updateBlastSurfaceIfNeeded, surfaceSize:Point(1440, 3168), lastSurfaceSize:Point(1440, 3168), format:-3, blastBufferQueue:null
02-28 14:40:17.108 30895 30895 D BufferQueueConsumer: [](id:78af00000004,api:0,p:-1,c:30895) connect: controlledByApp=false
02-28 14:40:17.109 30895 30895 D BufferQueueConsumer: [VRI[MainActivity]#4(BLAST Consumer)4](id:78af00000004,api:0,p:-1,c:30895) setMaxAcquiredBufferCount: 2
02-28 14:40:17.110 30895 31094 D HWUI    : createSurface new attribs array
02-28 14:40:17.110 30895 31094 D libEGL  : this is from skia gles
02-28 14:40:17.110 30895 31094 D BufferQueueProducer: [VRI[MainActivity]#4(BLAST Consumer)4](id:78af00000004,api:1,p:30895,c:30895) connect: api=1 producerControlledByApp=true
02-28 14:40:17.111 30895 30895 D SurfaceView: 94382448, SurfaceView[com.foldersync.folder_sync/com.foldersync.folder_sync.MainActivity], layerid: 14436 createBlastSurfaceControls
02-28 14:40:17.112 30895 30895 D BufferQueueConsumer: [](id:78af00000005,api:0,p:-1,c:30895) connect: controlledByApp=false
02-28 14:40:17.112 30895 30895 D BufferQueueConsumer: [5a02970 SurfaceView[com.foldersync.folder_sync/com.foldersync.folder_sync.MainActivity]#5(BLAST Consumer)5](id:78af00000005,api:0,p:-1,c:30895) setMaxAcquiredBufferCount: 2
02-28 14:40:17.112 30895 30895 I SurfaceView: 94382448 visibleChanged -- surfaceCreated 
02-28 14:40:17.119 30895 31410 D BufferQueueProducer: [5a02970 SurfaceView[com.foldersync.folder_sync/com.foldersync.folder_sync.MainActivity]#5(BLAST Consumer)5](id:78af00000005,api:1,p:30895,c:30895) connect: api=1 producerControlledByApp=true
02-28 14:40:17.119 30895 31410 D Surface : Surface::dispatchSetGameApi
02-28 14:40:17.119 30895 31410 D Surface : dispatchSetGameApi pid[30895] tid[31410] GameApi[1]
02-28 14:40:17.119 30895 31410 D Surface : dispatchSetGameApi res:0
02-28 14:40:17.119 30895 31410 D vulkan  : set game api vulkan successfully
02-28 14:40:17.119 30895 31410 D BLASTBufferQueue: 5a02970 SurfaceView[com.foldersync.folder_sync/com.foldersync.folder_sync.MainActivity]#5 getBufferCacheFlag 0
02-28 14:40:17.120 30895 31410 D BLASTBufferQueue: 5a02970 SurfaceView[com.foldersync.folder_sync/com.foldersync.folder_sync.MainActivity]#5 getMaxAcquireBufferCount 2
02-28 14:40:17.121 30895 31410 D BLASTBufferQueue: 5a02970 SurfaceView[com.foldersync.folder_sync/com.foldersync.folder_sync.MainActivity]#5 getOrignalMaxAcquireBufferCount 2
02-28 14:40:17.121 30895 31410 W qdgralloc: GetSize: Pixel format: 0x3b is not supported by gralloc
02-28 14:40:17.121 30895 31410 W qdgralloc: gralloc failed to allocate buffer for size 0 format 59 AWxAH 1x1 usage 2816
02-28 14:40:17.121 30895 31410 E Gralloc4: isSupported(1, 1, 59, 1, ...) failed with 7
02-28 14:40:17.121 30895 31410 E GraphicBufferAllocator: Failed to allocate (4 x 4) layerCount 1 format 59 usage b00: 2
02-28 14:40:17.121 30895 31410 E AHardwareBuffer: GraphicBuffer(w=4, h=4, lc=1) failed (Unknown error -2), handle=0x0
02-28 14:40:17.121 30895 31410 W qdgralloc: GetSize: Pixel format: 0x3b is not supported by gralloc
02-28 14:40:17.121 30895 31410 W qdgralloc: gralloc failed to allocate buffer for size 0 format 59 AWxAH 1x1 usage 2816
02-28 14:40:17.121 30895 31410 E Gralloc4: isSupported(1, 1, 59, 1, ...) failed with 7
02-28 14:40:17.121 30895 31410 E GraphicBufferAllocator: Failed to allocate (4 x 4) layerCount 1 format 59 usage b00: 2
02-28 14:40:17.121 30895 31410 E AHardwareBuffer: GraphicBuffer(w=4, h=4, lc=1) failed (Unknown error -2), handle=0x0
02-28 14:40:17.121 30895 31410 D BLASTBufferQueue: 5a02970 SurfaceView[com.foldersync.folder_sync/com.foldersync.folder_sync.MainActivity]#5 getBufferCacheFlag 0
02-28 14:40:17.121 30895 31410 D BLASTBufferQueue: 5a02970 SurfaceView[com.foldersync.folder_sync/com.foldersync.folder_sync.MainActivity]#5 getMaxAcquireBufferCount 2
02-28 14:40:17.121 30895 31410 D BLASTBufferQueue: 5a02970 SurfaceView[com.foldersync.folder_sync/com.foldersync.folder_sync.MainActivity]#5 getOrignalMaxAcquireBufferCount 2
02-28 14:40:17.130 30895 30895 D SurfaceView: 94382448 handleSyncNoBuffer
02-28 14:40:17.131 30895 30895 I SurfaceControl:  setExtendedRangeBrightness sc=Surface(name=com.foldersync.folder_sync/com.foldersync.folder_sync.MainActivity)/@0xdd3555d,currentBufferRatio=1.0,desiredRatio=1.0
02-28 14:40:17.131 30895 30895 D SurfaceView: 94382448 dispatchDraw mDrawFinished true isAboveParent false (mPrivateFlags & PFLAG_SKIP_DRAW) 128
02-28 14:40:17.131 30895 30895 D SurfaceView: 94382448 clearSurfaceViewPort mCornerRadius 0.0
02-28 14:40:17.135 30895 31094 D BLASTBufferQueue: [VRI[MainActivity]#4](f:0,a:1) acquireNextBufferLocked size=1440x3168 mFrameNumber=1 applyTransaction=true mTimestamp=67840992174744(auto) mPendingTransactions.size=0 graphicBufferId=132693014609976 transform=0
02-28 14:40:17.135 30895 31094 D VRI[MainActivity]: Received frameCommittedCallback lastAttemptedDrawFrameNum=1 didProduceBuffer=true syncBuffer=false
02-28 14:40:17.137 30895 30895 I flutter : INFO: 2026-02-28 14:40:17.137628: [AddTaskScreen] User selected local folder: /storage/emulated/0/DriveSyncFiles
02-28 14:40:17.143 30895 31410 D BLASTBufferQueue: [5a02970 SurfaceView[com.foldersync.folder_sync/com.foldersync.folder_sync.MainActivity]#5](f:0,a:1) acquireNextBufferLocked size=1440x3168 mFrameNumber=1 applyTransaction=true mTimestamp=67841001667140(auto) mPendingTransactions.size=0 graphicBufferId=132693014609971 transform=0
02-28 14:40:17.163 30895 30895 D VRI[MainActivity]: draw finished. seqId=0
02-28 14:40:17.163 30895 30895 D SurfaceView: 94382448 finishedDrawing
02-28 14:40:17.163 30895 30895 D SurfaceView: 94382448 performDrawFinished mAttachedToWindow true
02-28 14:40:17.168 30895 30895 D SurfaceView: 94382448 dispatchDraw mDrawFinished true isAboveParent false (mPrivateFlags & PFLAG_SKIP_DRAW) 128
02-28 14:40:17.168 30895 30895 D SurfaceView: 94382448 clearSurfaceViewPort mCornerRadius 0.0
02-28 14:40:17.188 30895 30895 D VRI[MainActivity]: onFocusEvent true
02-28 14:40:17.194 30895 30895 D InsetsController: hide(ime(), fromIme=false)
02-28 14:40:17.194 30895 30895 I ImeTracker: com.foldersync.folder_sync:d6f83565: onCancelled at PHASE_CLIENT_ALREADY_HIDDEN
02-28 14:40:18.191 30895 31644 D OplusScrollToTopManager: com.foldersync.folder_sync/com.foldersync.folder_sync.MainActivity,This com.android.internal.policy.DecorView{3004e0d V.E...... R....... 0,0-1440,3168 aid=0 alpha=1.0 viewInfo = }[MainActivity] change focus to true
02-28 14:40:20.574 30895 30895 I DynamicFramerate [AnimationSpeedAware]: onEventHandled: info: InputEventInfo: mX = 0, mY = 0, mAction = 0, mVsyncTime = 67844432, mIsMoving = true, mUpdated = true
02-28 14:40:20.575 30895 30895 E IJankManager: slideSceneEnd unknown scene 1000 mScene:-1
02-28 14:40:20.575 30895 30895 V AutofillManager: requestHideFillUi(null): anchor = null
02-28 14:40:20.826 30895 30895 I DynamicFramerate [AnimationSpeedAware]: onEventHandled: info: InputEventInfo: mX = 0, mY = 0, mAction = 1, mVsyncTime = 67844684, mIsMoving = false, mUpdated = true
02-28 14:40:20.826 30895 30895 D OplusViewDragTouchViewHelper: dispatchTouchView action = 1
02-28 14:40:20.827 30895 30895 D ViewRootImplExtImpl: the up motion event handled by client, just return
02-28 14:40:21.929 30895 30895 I DynamicFramerate [AnimationSpeedAware]: onEventHandled: info: InputEventInfo: mX = 0, mY = 0, mAction = 0, mVsyncTime = 67845787, mIsMoving = true, mUpdated = true
02-28 14:40:21.929 30895 30895 E IJankManager: slideSceneEnd unknown scene 1003 mScene:-1
02-28 14:40:21.929 30895 30895 V AutofillManager: requestHideFillUi(null): anchor = null
02-28 14:40:21.994 30895 31410 D Dolphin : SurfaceFlinger: Smart touch debug: set desiredPresentTime for this frame.
02-28 14:40:22.071 30895 30895 I DynamicFramerate [AnimationSpeedAware]: onEventHandled: info: InputEventInfo: mX = 0, mY = 0, mAction = 1, mVsyncTime = 67845929, mIsMoving = false, mUpdated = true
02-28 14:40:22.071 30895 30895 D OplusViewDragTouchViewHelper: dispatchTouchView action = 1
02-28 14:40:22.071 30895 30895 D ViewRootImplExtImpl: the up motion event handled by client, just return
02-28 14:40:22.595 30895 30895 I DynamicFramerate [AnimationSpeedAware]: onEventHandled: info: InputEventInfo: mX = 0, mY = 0, mAction = 0, mVsyncTime = 67846454, mIsMoving = true, mUpdated = true
02-28 14:40:22.596 30895 30895 E IJankManager: slideSceneEnd unknown scene 1003 mScene:-1
02-28 14:40:22.596 30895 30895 V AutofillManager: requestHideFillUi(null): anchor = null
02-28 14:40:22.700 30895 31410 D Dolphin : SurfaceFlinger: Smart touch debug: set desiredPresentTime for this frame.
02-28 14:40:22.814 30895 30895 I DynamicFramerate [AnimationSpeedAware]: onEventHandled: info: InputEventInfo: mX = 0, mY = 0, mAction = 1, mVsyncTime = 67846672, mIsMoving = false, mUpdated = true
02-28 14:40:22.814 30895 30895 D OplusViewDragTouchViewHelper: dispatchTouchView action = 1
02-28 14:40:22.815 30895 30895 D ViewRootImplExtImpl: the up motion event handled by client, just return
02-28 14:40:35.336 30895 30895 I DynamicFramerate [AnimationSpeedAware]: onEventHandled: info: InputEventInfo: mX = 0, mY = 0, mAction = 0, mVsyncTime = 67859194, mIsMoving = true, mUpdated = true
02-28 14:40:35.337 30895 30895 E IJankManager: slideSceneEnd unknown scene 1003 mScene:-1
02-28 14:40:35.337 30895 30895 V AutofillManager: requestHideFillUi(null): anchor = null
02-28 14:40:35.466 30895 30895 I DynamicFramerate [AnimationSpeedAware]: onEventHandled: info: InputEventInfo: mX = 0, mY = 0, mAction = 1, mVsyncTime = 67859324, mIsMoving = false, mUpdated = true
02-28 14:40:35.466 30895 30895 D OplusViewDragTouchViewHelper: dispatchTouchView action = 1
02-28 14:40:35.467 30895 30895 D ViewRootImplExtImpl: the up motion event handled by client, just return
02-28 14:40:35.923 30895 30895 I DynamicFramerate [AnimationSpeedAware]: onEventHandled: info: InputEventInfo: mX = 0, mY = 0, mAction = 0, mVsyncTime = 67859781, mIsMoving = true, mUpdated = true
02-28 14:40:35.924 30895 30895 V AutofillManager: requestHideFillUi(null): anchor = null
02-28 14:40:36.051 30895 30895 I DynamicFramerate [AnimationSpeedAware]: onEventHandled: info: InputEventInfo: mX = 0, mY = 0, mAction = 1, mVsyncTime = 67859909, mIsMoving = false, mUpdated = true
02-28 14:40:36.052 30895 30895 D OplusViewDragTouchViewHelper: dispatchTouchView action = 1
02-28 14:40:36.052 30895 30895 D ViewRootImplExtImpl: the up motion event handled by client, just return
02-28 14:40:36.157 30895 30895 I ImeTracker: com.foldersync.folder_sync:21ff199a: onRequestShow at ORIGIN_CLIENT reason SHOW_SOFT_INPUT fromUser false
02-28 14:40:36.168 30895 30895 D InsetsController: show(ime(), fromIme=false)
02-28 14:40:36.168 30895 30895 D InsetsController: Setting requestedVisibleTypes to -1 (was -9)
02-28 14:40:36.178 30895 30895 V AutofillManager: receiver results: flags=7 enabled=true, enabledForAugmentedOnly: false
02-28 14:40:36.181 30895 30895 V AutofillManager: startSessionLocked(): id=1073741824:i631565627, bounds=Rect(126, 566 - 1314, 643), value=null, flags=0, state=UNKNOWN, compatMode=false, augmentedOnly=false, enabledAugmentedOnly=false, enteredIds=null
02-28 14:40:36.196 30895 30895 W VRI[MainActivity]: handleResized abandoned!
02-28 14:40:36.199 30895 30895 I AssistStructure: Flattened final assist data: 520 bytes, containing 1 windows, 3 views
02-28 14:40:36.281 30895 30895 D InputConnectionAdaptor: The input method toggled cursor monitoring on
02-28 14:40:36.296 30895 30895 W VRI[MainActivity]: handleResized abandoned!
02-28 14:40:36.312 30895 30895 W VRI[MainActivity]: handleResized abandoned!
02-28 14:40:36.320 30895 30895 E DynamicFramerate [DynamicFrameRateManagerImpl]: setFrameRateInternalForWindow: TIMING_DO_WINDOW_ANIMATION request is = FrameRateRequest: {  mUniqueID = 54239691, mVelocity = -1, mPreviousFrameRate = 0, mBindWithSC = true, mSc = Surface(name=Surface(name=5d056c7 InputMethod)/@0x271641d - animation-leash of insets_animation)/@0x33ba1cb, mTransaction = android.view.SurfaceControl$Transaction@b1da066, Type = 20103 } , frameRate 120
02-28 14:40:36.321 30895 30895 D FlutterJNI: Sending viewport metrics to the engine.
02-28 14:40:36.328 30895 30895 D FlutterJNI: Sending viewport metrics to the engine.
02-28 14:40:36.336 30895 30895 D FlutterJNI: Sending viewport metrics to the engine.
02-28 14:40:36.344 30895 30895 D FlutterJNI: Sending viewport metrics to the engine.
02-28 14:40:36.358 30895 30895 D FlutterJNI: Sending viewport metrics to the engine.
02-28 14:40:36.360 30895 30895 D FlutterJNI: Sending viewport metrics to the engine.
02-28 14:40:36.371 30895 30895 D FlutterJNI: Sending viewport metrics to the engine.
02-28 14:40:36.377 30895 30895 D FlutterJNI: Sending viewport metrics to the engine.
02-28 14:40:36.390 30895 30895 V AutofillManager: setSessionFinished(): from ACTIVE to FINISHED; autofillableIds=[1073741824:i631565627]
02-28 14:40:36.391 30895 30895 D FlutterJNI: Sending viewport metrics to the engine.
02-28 14:40:36.395 30895 30895 D FlutterJNI: Sending viewport metrics to the engine.
02-28 14:40:36.404 30895 30895 D FlutterJNI: Sending viewport metrics to the engine.
02-28 14:40:36.410 30895 30895 D FlutterJNI: Sending viewport metrics to the engine.
02-28 14:40:36.421 30895 30895 D FlutterJNI: Sending viewport metrics to the engine.
02-28 14:40:36.427 30895 30895 D FlutterJNI: Sending viewport metrics to the engine.
02-28 14:40:36.437 30895 30895 D FlutterJNI: Sending viewport metrics to the engine.
02-28 14:40:36.444 30895 30895 D FlutterJNI: Sending viewport metrics to the engine.
02-28 14:40:36.455 30895 30895 D FlutterJNI: Sending viewport metrics to the engine.
02-28 14:40:36.460 30895 30895 D FlutterJNI: Sending viewport metrics to the engine.
02-28 14:40:36.471 30895 30895 D FlutterJNI: Sending viewport metrics to the engine.
02-28 14:40:36.476 30895 30895 D FlutterJNI: Sending viewport metrics to the engine.
02-28 14:40:36.485 30895 30895 D FlutterJNI: Sending viewport metrics to the engine.
02-28 14:40:36.498 30895 30895 D FlutterJNI: Sending viewport metrics to the engine.
02-28 14:40:36.501 30895 30895 D FlutterJNI: Sending viewport metrics to the engine.
02-28 14:40:36.515 30895 30895 D FlutterJNI: Sending viewport metrics to the engine.
02-28 14:40:36.518 30895 30895 D FlutterJNI: Sending viewport metrics to the engine.
02-28 14:40:36.526 30895 30895 D FlutterJNI: Sending viewport metrics to the engine.
02-28 14:40:36.536 30895 30895 D FlutterJNI: Sending viewport metrics to the engine.
02-28 14:40:36.544 30895 30895 D FlutterJNI: Sending viewport metrics to the engine.
02-28 14:40:36.555 30895 30895 D FlutterJNI: Sending viewport metrics to the engine.
02-28 14:40:36.559 30895 30895 D FlutterJNI: Sending viewport metrics to the engine.
02-28 14:40:36.570 30895 30895 D FlutterJNI: Sending viewport metrics to the engine.
02-28 14:40:36.576 30895 30895 D FlutterJNI: Sending viewport metrics to the engine.
02-28 14:40:36.586 30895 30895 D FlutterJNI: Sending viewport metrics to the engine.
02-28 14:40:36.593 30895 30895 D FlutterJNI: Sending viewport metrics to the engine.
02-28 14:40:36.606 30895 30895 D FlutterJNI: Sending viewport metrics to the engine.
02-28 14:40:36.609 30895 30895 D FlutterJNI: Sending viewport metrics to the engine.
02-28 14:40:36.622 30895 30895 E DynamicFramerate [DynamicFrameRateManagerImpl]: setFrameRateInternalForWindow: TIMING_DO_WINDOW_ANIMATION request is = FrameRateRequest: {  mUniqueID = 54239691, mVelocity = -2, mPreviousFrameRate = 120, mBindWithSC = true, mSc = Surface(name=Surface(name=5d056c7 InputMethod)/@0x271641d - animation-leash of insets_animation)/@0x33ba1cb, mTransaction = android.view.SurfaceControl$Transaction@b1da066, Type = 20103 } , frameRate 0
02-28 14:40:36.623 30895 30895 I ImeTracker: com.foldersync.folder_sync:21ff199a: onShown
02-28 14:40:36.624 30895 30895 D FlutterJNI: Sending viewport metrics to the engine.
02-28 14:40:36.624 30895 30895 D FlutterJNI: Sending viewport metrics to the engine.
02-28 14:40:37.864 30895 30895 V AutofillManager: notifyValueChanged(1073741824:631565627): ignoring on state FINISHED
02-28 14:40:38.361 30895 30895 V AutofillManager: notifyValueChanged(1073741824:631565627): ignoring on state FINISHED
02-28 14:40:38.566 30895 30895 V AutofillManager: notifyValueChanged(1073741824:631565627): ignoring on state FINISHED
02-28 14:40:39.367 30895 30895 V AutofillManager: notifyViewExited(1073741824, 631565627
02-28 14:40:39.369 30895 30895 I ImeTracker: com.foldersync.folder_sync:5246cda2: onRequestHide at ORIGIN_CLIENT reason HIDE_SOFT_INPUT fromUser false
02-28 14:40:39.369 30895 30895 D InsetsController: hide(ime(), fromIme=false)
02-28 14:40:39.369 30895 30895 W WindowOnBackDispatcher: sendCancelIfRunning: isInProgress=false callback=ImeCallback=ImeOnBackInvokedCallback@97735709 hash=104256666 Callback=android.window.IOnBackInvokedCallback$Stub$Proxy@cb6563e
02-28 14:40:39.369 30895 30895 D InsetsController: Setting requestedVisibleTypes to -9 (was -1)
02-28 14:40:39.370 30895 30895 D CompatChangeReporter: Compat change id reported: 395521150; UID 10373; state: ENABLED
02-28 14:40:39.383 30895 30895 E DynamicFramerate [DynamicFrameRateManagerImpl]: setFrameRateInternalForWindow: TIMING_DO_WINDOW_ANIMATION request is = FrameRateRequest: {  mUniqueID = 165530783, mVelocity = -1, mPreviousFrameRate = 0, mBindWithSC = true, mSc = Surface(name=Surface(name=5d056c7 InputMethod)/@0x271641d - animation-leash of insets_animation)/@0x9ddcc9f, mTransaction = android.view.SurfaceControl$Transaction@b1da066, Type = 20103 } , frameRate 120
02-28 14:40:39.384 30895 30895 D FlutterJNI: Sending viewport metrics to the engine.
02-28 14:40:39.385 30895 30895 W VRI[MainActivity]: handleResized abandoned!
02-28 14:40:39.385 30895 30895 D FlutterJNI: Sending viewport metrics to the engine.
02-28 14:40:39.394 30895 30895 D FlutterJNI: Sending viewport metrics to the engine.
02-28 14:40:39.409 30895 30895 I ImeTracker: system_server:ce656ec6: onCancelled at PHASE_CLIENT_ON_CONTROLS_CHANGED
02-28 14:40:39.410 30895 30895 D FlutterJNI: Sending viewport metrics to the engine.
02-28 14:40:39.424 30895 30895 D FlutterJNI: Sending viewport metrics to the engine.
02-28 14:40:39.427 30895 30895 D FlutterJNI: Sending viewport metrics to the engine.
02-28 14:40:39.438 30895 30895 D FlutterJNI: Sending viewport metrics to the engine.
02-28 14:40:39.443 30895 30895 D FlutterJNI: Sending viewport metrics to the engine.
02-28 14:40:39.456 30895 30895 D FlutterJNI: Sending viewport metrics to the engine.
02-28 14:40:39.460 30895 30895 D FlutterJNI: Sending viewport metrics to the engine.
02-28 14:40:39.473 30895 30895 D FlutterJNI: Sending viewport metrics to the engine.
02-28 14:40:39.477 30895 30895 D FlutterJNI: Sending viewport metrics to the engine.
02-28 14:40:39.489 30895 30895 D FlutterJNI: Sending viewport metrics to the engine.
02-28 14:40:39.493 30895 30895 D FlutterJNI: Sending viewport metrics to the engine.
02-28 14:40:39.518 30895 30895 D FlutterJNI: Sending viewport metrics to the engine.
02-28 14:40:39.529 30895 30895 D FlutterJNI: Sending viewport metrics to the engine.
02-28 14:40:39.535 30895 30895 D FlutterJNI: Sending viewport metrics to the engine.
02-28 14:40:39.545 30895 30895 D FlutterJNI: Sending viewport metrics to the engine.
02-28 14:40:39.551 30895 30895 D FlutterJNI: Sending viewport metrics to the engine.
02-28 14:40:39.561 30895 30895 D FlutterJNI: Sending viewport metrics to the engine.
02-28 14:40:39.568 30895 30895 D FlutterJNI: Sending viewport metrics to the engine.
02-28 14:40:39.578 30895 30895 D FlutterJNI: Sending viewport metrics to the engine.
02-28 14:40:39.584 30895 30895 D FlutterJNI: Sending viewport metrics to the engine.
02-28 14:40:39.594 30895 30895 D FlutterJNI: Sending viewport metrics to the engine.
02-28 14:40:39.601 30895 30895 D FlutterJNI: Sending viewport metrics to the engine.
02-28 14:40:39.631 30895 30895 D FlutterJNI: Sending viewport metrics to the engine.
02-28 14:40:39.634 30895 30895 D FlutterJNI: Sending viewport metrics to the engine.
02-28 14:40:39.648 30895 30895 D FlutterJNI: Sending viewport metrics to the engine.
02-28 14:40:39.651 30895 30895 D FlutterJNI: Sending viewport metrics to the engine.
02-28 14:40:39.665 30895 30895 D FlutterJNI: Sending viewport metrics to the engine.
02-28 14:40:39.667 30895 30895 D FlutterJNI: Sending viewport metrics to the engine.
02-28 14:40:39.679 30895 30895 E DynamicFramerate [DynamicFrameRateManagerImpl]: setFrameRateInternalForWindow: TIMING_DO_WINDOW_ANIMATION request is = FrameRateRequest: {  mUniqueID = 165530783, mVelocity = -2, mPreviousFrameRate = 120, mBindWithSC = true, mSc = Surface(name=Surface(name=5d056c7 InputMethod)/@0x271641d - animation-leash of insets_animation)/@0x9ddcc9f, mTransaction = android.view.SurfaceControl$Transaction@b1da066, Type = 20103 } , frameRate 0
02-28 14:40:39.681 30895 30895 D FlutterJNI: Sending viewport metrics to the engine.
02-28 14:40:39.682 30895 30895 D FlutterJNI: Sending viewport metrics to the engine.
02-28 14:40:39.700 30895 30895 W RemoteInputConnectionImpl: requestCursorUpdates on inactive InputConnection
02-28 14:40:39.717 30895 30895 W VRI[MainActivity]: handleResized abandoned!
02-28 14:40:39.724 30895 30895 W VRI[MainActivity]: handleResized abandoned!
02-28 14:40:40.171 30895 30895 I DynamicFramerate [AnimationSpeedAware]: onEventHandled: info: InputEventInfo: mX = 0, mY = 0, mAction = 0, mVsyncTime = 67864028, mIsMoving = true, mUpdated = true
02-28 14:40:40.171 30895 30895 E IJankManager: slideSceneEnd unknown scene 1003 mScene:-1
02-28 14:40:40.171 30895 30895 V AutofillManager: requestHideFillUi(null): anchor = null
02-28 14:40:40.380 30895 30895 I DynamicFramerate [AnimationSpeedAware]: onEventHandled: info: InputEventInfo: mX = 0, mY = 0, mAction = 1, mVsyncTime = 67864238, mIsMoving = false, mUpdated = true
02-28 14:40:40.380 30895 30895 D OplusViewDragTouchViewHelper: dispatchTouchView action = 1
02-28 14:40:40.380 30895 30895 D ViewRootImplExtImpl: the up motion event handled by client, just return
02-28 14:40:40.940 30895 30895 I DynamicFramerate [AnimationSpeedAware]: onEventHandled: info: InputEventInfo: mX = 0, mY = 0, mAction = 0, mVsyncTime = 67864798, mIsMoving = true, mUpdated = true
02-28 14:40:40.940 30895 30895 V AutofillManager: requestHideFillUi(null): anchor = null
02-28 14:40:41.044 30895 30895 I DynamicFramerate [AnimationSpeedAware]: onEventHandled: info: InputEventInfo: mX = 0, mY = 0, mAction = 1, mVsyncTime = 67864902, mIsMoving = false, mUpdated = true
02-28 14:40:41.045 30895 30895 D OplusViewDragTouchViewHelper: dispatchTouchView action = 1
02-28 14:40:41.046 30895 30895 D ViewRootImplExtImpl: the up motion event handled by client, just return
02-28 14:40:41.067 30895 30895 I flutter : INFO: 2026-02-28 14:40:41.067725: [SYNC_TASK] Created task: yoo (1772269841054)
02-28 14:40:41.131 30895 30895 W WindowOnBackDispatcher: sendCancelIfRunning: isInProgress=false callback=io.flutter.embedding.android.FlutterActivity$1@9192393
02-28 14:41:11.257 30895 31796 D VRI[MainActivity]: dispatchAppVisibility visible:false mUpcomingWindowFocus:true
02-28 14:41:11.262 30895 30895 D VRI[MainActivity]: visibilityChanged oldVisibility=true newVisibility=false
02-28 14:41:11.265 30895 30895 I SurfaceView: 94382448 surfaceDestroyed
02-28 14:41:11.278 30895 31410 D BufferQueueProducer: [5a02970 SurfaceView[com.foldersync.folder_sync/com.foldersync.folder_sync.MainActivity]#5(BLAST Consumer)5](id:78af00000005,api:1,p:30895,c:30895) disconnect: api 1
02-28 14:41:11.279 30895 30895 D BufferQueueProducer: [5a02970 SurfaceView[com.foldersync.folder_sync/com.foldersync.folder_sync.MainActivity]#5(BLAST Consumer)5](id:78af00000005,api:0,p:-1,c:30895) disconnect: api -1
02-28 14:41:11.279 30895 30895 D BLASTBufferQueue: [5a02970 SurfaceView[com.foldersync.folder_sync/com.foldersync.folder_sync.MainActivity]#5](f:0,a:1) destructor()
02-28 14:41:11.279 30895 30895 D BufferQueueConsumer: [5a02970 SurfaceView[com.foldersync.folder_sync/com.foldersync.folder_sync.MainActivity]#5(BLAST Consumer)5](id:78af00000005,api:0,p:-1,c:30895) disconnect
02-28 14:41:11.281 30895 31094 D SurfaceView: 189067030positionLost mSurfaceControl is null return;
02-28 14:41:11.282 30895 30895 D HWUI    : RenderProxy::destroy: this=0xb400007509e90400, mContext=0xb40000748d56a580
02-28 14:41:11.283 30895 31094 D HWUI    : SkiaOpenGLPipeline::setSurface: this=0xb40000748d4c8a40, surface=NULL
02-28 14:41:11.327 30895 31094 D BufferQueueProducer: [VRI[MainActivity]#4(BLAST Consumer)4](id:78af00000004,api:1,p:30895,c:30895) disconnect: api 1
02-28 14:41:11.330 30895 30895 D ViewRootImplExtImpl: wrapConfigInfoIntoFlags rotation=0, smallestScreenWidthDp=411, residentWS=false, scenario=0, bounds=Rect(0, 0 - 1440, 3168), relayoutAsync=false, flags=0, newFlags=1660957536, title=com.foldersync.folder_sync/com.foldersync.folder_sync.MainActivity
02-28 14:41:11.354 30895 30895 D VRI[MainActivity]: relayoutWindow result, sizeChanged:false, surfaceControlChanged:true, transformHintChanged:false, mSurfaceSize:Point(1440, 3168), mLastSurfaceSize:Point(1440, 3168), mWidth:1440, mHeight:3168, requestedWidth:1440, requestedHeight:3168, transformHint:0, installOrientation:0, displayRotation:0, isSurfaceValid:false, attr.flag:-2122252032, tmpFrames:ClientWindowFrames{frame=[0,0][1440,3168] display=[0,0][1440,3168] parentFrame=[0,0][0,0]}, relayoutAsync:false, mSyncSeqId:0
02-28 14:41:11.367 30895 30895 D BLASTBufferQueue: [VRI[MainActivity]#4](f:0,a:1) destructor()
02-28 14:41:11.367 30895 30895 D BufferQueueConsumer: [VRI[MainActivity]#4(BLAST Consumer)4](id:78af00000004,api:0,p:-1,c:30895) disconnect
02-28 14:41:11.372 30895 30895 D VRI[MainActivity]: onFocusEvent false
02-28 14:41:11.374 30895 30895 D VRI[MainActivity]: setWindowStopped stopped:true
02-28 14:41:11.378 30895 30895 I AutofillManager: onInvisibleForAutofill(): expiringResponse
02-28 14:41:11.378 30895 30895 V AutofillManager: updateSessionLocked(): id=null, bounds=null, value=null, action=5, flags=0
02-28 14:41:12.386 30895 31644 D OplusScrollToTopManager: com.foldersync.folder_sync/com.foldersync.folder_sync.MainActivity,This com.android.internal.policy.DecorView{3004e0d I.E...... R.....ID 0,0-1440,3168 aid=0 alpha=1.0 viewInfo = }[MainActivity] change focus to false
